spv.300BuiltIns.vert

Linked vertex stage:


// Module Version 10000
// Generated by (magic number): 80001
// Id's are bound by 33

                              Capability Shader
               1:             ExtInstImport  "GLSL.std.450"
                              MemoryModel Logical GLSL450
                              EntryPoint Vertex 4  "main" 9 11 17 24 27
                              Source ESSL 300
                              Name 4  "main"
                              Name 9  "gl_Position"
                              Name 11  "ps"
                              Name 17  "gl_VertexIndex"
                              Name 24  "gl_PointSize"
                              Name 27  "gl_InstanceIndex"
                              Decorate 9(gl_Position) Invariant
                              Decorate 9(gl_Position) BuiltIn Position
                              Decorate 11(ps) RelaxedPrecision
                              Decorate 17(gl_VertexIndex) BuiltIn VertexIndex
                              Decorate 24(gl_PointSize) BuiltIn PointSize
                              Decorate 27(gl_InstanceIndex) BuiltIn InstanceIndex
               2:             TypeVoid
               3:             TypeFunction 2
               6:             TypeFloat 32
               7:             TypeVector 6(float) 4
               8:             TypePointer Output 7(fvec4)
  9(gl_Position):      8(ptr) Variable Output
              10:             TypePointer Input 6(float)
          11(ps):     10(ptr) Variable Input
              14:             TypeInt 32 1
              15:     14(int) Constant 4
              16:             TypePointer Input 14(int)
17(gl_VertexIndex):     16(ptr) Variable Input
              23:             TypePointer Output 6(float)
24(gl_PointSize):     23(ptr) Variable Output
              26:     14(int) Constant 5
27(gl_InstanceIndex):     16(ptr) Variable Input
         4(main):           2 Function None 3
               5:             Label
              12:    6(float) Load 11(ps)
              13:    7(fvec4) CompositeConstruct 12 12 12 12
                              Store 9(gl_Position) 13
              18:     14(int) Load 17(gl_VertexIndex)
              19:     14(int) ISub 15 18
              20:    6(float) ConvertSToF 19
              21:    7(fvec4) Load 9(gl_Position)
              22:    7(fvec4) VectorTimesScalar 21 20
                              Store 9(gl_Position) 22
              25:    6(float) Load 11(ps)
                              Store 24(gl_PointSize) 25
              28:     14(int) Load 27(gl_InstanceIndex)
              29:     14(int) ISub 26 28
              30:    6(float) ConvertSToF 29
              31:    6(float) Load 24(gl_PointSize)
              32:    6(float) FMul 31 30
                              Store 24(gl_PointSize) 32
                              Return
                              FunctionEnd
