spv.branch-return.vert
ERROR: 0:3: 'gl_InstanceID' : undeclared identifier 
ERROR: 0:3: 'switch' : condition must be a scalar integer expression 
ERROR: 2 compilation errors.  No code generated.



Linked vertex stage:


SPIR-V is not generated for failed compile or link
