spv.specConstant.vert
Warning, version 400 is not yet complete; most version-specific features are present, but some are missing.


Linked vertex stage:


// Module Version 10000
// Generated by (magic number): 80001
// Id's are bound by 40

                              Capability Shader
               1:             ExtInstImport  "GLSL.std.450"
                              MemoryModel Logical GLSL450
                              EntryPoint Vertex 4  "main" 9 14 21
                              Source GLSL 400
                              Name 4  "main"
                              Name 9  "color"
                              Name 14  "ucol"
                              Name 21  "size"
                              Decorate 22 SpecId 17
                              Decorate 24 SpecId 17
                              Decorate 27 SpecId 22
                              Decorate 32 SpecId 19
                              Decorate 33 SpecId 18
               2:             TypeVoid
               3:             TypeFunction 2
               6:             TypeFloat 32
               7:             TypeVector 6(float) 4
               8:             TypePointer Output 7(fvec4)
        9(color):      8(ptr) Variable Output
              10:             TypeInt 32 0
              11:     10(int) Constant 12
              12:             TypeArray 7(fvec4) 11
              13:             TypePointer Input 12
        14(ucol):     13(ptr) Variable Input
              15:             TypeInt 32 1
              16:     15(int) Constant 2
              17:             TypePointer Input 7(fvec4)
              20:             TypePointer Output 15(int)
        21(size):     20(ptr) Variable Output
              22:     15(int) SpecConstant 12
              23:             TypeBool
              24:    23(bool) SpecConstantTrue
              27:     10(int) SpecConstant 2
              31:             TypeFloat 64
              32:   31(float) SpecConstant 1413754136 1074340347
              33:    6(float) SpecConstant 1078523331
         4(main):           2 Function None 3
               5:             Label
              18:     17(ptr) AccessChain 14(ucol) 16
              19:    7(fvec4) Load 18
                              Store 9(color) 19
                              Store 21(size) 22
                              SelectionMerge 26 None
                              BranchConditional 24 25 26
              25:               Label
              28:    6(float)   ConvertUToF 27
              29:    7(fvec4)   Load 9(color)
              30:    7(fvec4)   VectorTimesScalar 29 28
                                Store 9(color) 30
                                Branch 26
              26:             Label
              34:   31(float) FConvert 33
              35:   31(float) FDiv 32 34
              36:    6(float) FConvert 35
              37:    7(fvec4) Load 9(color)
              38:    7(fvec4) CompositeConstruct 36 36 36 36
              39:    7(fvec4) FAdd 37 38
                              Store 9(color) 39
                              Return
                              FunctionEnd
