spv.aggOps.frag
Warning, version 450 is not yet complete; most version-specific features are present, but some are missing.


Linked fragment stage:


// Module Version 10000
// Generated by (magic number): 80001
// Id's are bound by 357

                              Capability Shader
               1:             ExtInstImport  "GLSL.std.450"
                              MemoryModel Logical GLSL450
                              EntryPoint Fragment 4  "main" 16 41 103 355
                              ExecutionMode 4 OriginLowerLeft
                              Source GLSL 450
                              Name 4  "main"
                              Name 8  "s1"
                              MemberName 8(s1) 0  "i"
                              MemberName 8(s1) 1  "f"
                              Name 13  "a"
                              Name 16  "u"
                              Name 37  "b"
                              Name 41  "w"
                              Name 55  "s1"
                              MemberName 55(s1) 0  "i"
                              MemberName 55(s1) 1  "f"
                              Name 56  "s2"
                              MemberName 56(s2) 0  "i"
                              MemberName 56(s2) 1  "f"
                              MemberName 56(s2) 2  "s1_1"
                              Name 57  "ub1"
                              MemberName 57(ub1) 0  "foo2a"
                              Name 59  "uName1"
                              Name 61  "s1"
                              MemberName 61(s1) 0  "i"
                              MemberName 61(s1) 1  "f"
                              Name 62  "s2"
                              MemberName 62(s2) 0  "i"
                              MemberName 62(s2) 1  "f"
                              MemberName 62(s2) 2  "s1_1"
                              Name 66  "s1"
                              MemberName 66(s1) 0  "i"
                              MemberName 66(s1) 1  "f"
                              Name 67  "s2"
                              MemberName 67(s2) 0  "i"
                              MemberName 67(s2) 1  "f"
                              MemberName 67(s2) 2  "s1_1"
                              Name 68  "ub2"
                              MemberName 68(ub2) 0  "foo2b"
                              Name 70  "uName2"
                              Name 95  "v"
                              Name 99  "samp2D"
                              Name 103  "coord"
                              Name 355  "color"
                              MemberDecorate 55(s1) 0 Offset 0
                              MemberDecorate 55(s1) 1 Offset 4
                              MemberDecorate 56(s2) 0 Offset 0
                              MemberDecorate 56(s2) 1 Offset 4
                              MemberDecorate 56(s2) 2 Offset 16
                              MemberDecorate 57(ub1) 0 Offset 0
                              Decorate 57(ub1) Block
                              Decorate 59(uName1) DescriptorSet 0
                              MemberDecorate 66(s1) 0 Offset 0
                              MemberDecorate 66(s1) 1 Offset 4
                              MemberDecorate 67(s2) 0 Offset 0
                              MemberDecorate 67(s2) 1 Offset 4
                              MemberDecorate 67(s2) 2 Offset 8
                              MemberDecorate 68(ub2) 0 Offset 0
                              Decorate 68(ub2) BufferBlock
                              Decorate 70(uName2) DescriptorSet 0
                              Decorate 99(samp2D) DescriptorSet 0
               2:             TypeVoid
               3:             TypeFunction 2
               6:             TypeInt 32 1
               7:             TypeFloat 32
           8(s1):             TypeStruct 6(int) 7(float)
               9:             TypeInt 32 0
              10:      9(int) Constant 3
              11:             TypeArray 8(s1) 10
              12:             TypePointer Function 11
              14:             TypeVector 7(float) 4
              15:             TypePointer Input 14(fvec4)
           16(u):     15(ptr) Variable Input
              17:      9(int) Constant 0
              18:             TypePointer Input 7(float)
              22:      9(int) Constant 1
              26:      9(int) Constant 2
              33:      6(int) Constant 14
              34:    7(float) Constant 1096810496
              35:       8(s1) ConstantComposite 33 34
              38:      6(int) Constant 17
              39:    7(float) Constant 1099431936
              40:       8(s1) ConstantComposite 38 39
           41(w):     15(ptr) Variable Input
          55(s1):             TypeStruct 6(int) 7(float)
          56(s2):             TypeStruct 6(int) 7(float) 55(s1)
         57(ub1):             TypeStruct 56(s2)
              58:             TypePointer Uniform 57(ub1)
      59(uName1):     58(ptr) Variable Uniform
              60:      6(int) Constant 0
          61(s1):             TypeStruct 6(int) 7(float)
          62(s2):             TypeStruct 6(int) 7(float) 61(s1)
              63:             TypePointer Uniform 56(s2)
          66(s1):             TypeStruct 6(int) 7(float)
          67(s2):             TypeStruct 6(int) 7(float) 66(s1)
         68(ub2):             TypeStruct 67(s2)
              69:             TypePointer Uniform 68(ub2)
      70(uName2):     69(ptr) Variable Uniform
              71:             TypePointer Uniform 67(s2)
              74:             TypeBool
              94:             TypePointer Function 14(fvec4)
              96:             TypeImage 7(float) 2D sampled format:Unknown
              97:             TypeSampledImage 96
              98:             TypePointer UniformConstant 97
      99(samp2D):     98(ptr) Variable UniformConstant
             101:             TypeVector 7(float) 2
             102:             TypePointer Input 101(fvec2)
      103(coord):    102(ptr) Variable Input
             108:    7(float) Constant 1073741824
             114:             TypeVector 74(bool) 4
             119:    7(float) Constant 1077936128
             128:    7(float) Constant 1082130432
             134:             TypeVector 74(bool) 2
             139:    7(float) Constant 1084227584
             245:    7(float) Constant 1086324736
             351:    7(float) Constant 1088421888
             354:             TypePointer Output 14(fvec4)
      355(color):    354(ptr) Variable Output
         4(main):           2 Function None 3
               5:             Label
           13(a):     12(ptr) Variable Function
           37(b):     12(ptr) Variable Function
           95(v):     94(ptr) Variable Function
              19:     18(ptr) AccessChain 16(u) 17
              20:    7(float) Load 19
              21:      6(int) ConvertFToS 20
              23:     18(ptr) AccessChain 16(u) 22
              24:    7(float) Load 23
              25:       8(s1) CompositeConstruct 21 24
              27:     18(ptr) AccessChain 16(u) 26
              28:    7(float) Load 27
              29:      6(int) ConvertFToS 28
              30:     18(ptr) AccessChain 16(u) 10
              31:    7(float) Load 30
              32:       8(s1) CompositeConstruct 29 31
              36:          11 CompositeConstruct 25 32 35
                              Store 13(a) 36
              42:     18(ptr) AccessChain 41(w) 17
              43:    7(float) Load 42
              44:      6(int) ConvertFToS 43
              45:     18(ptr) AccessChain 41(w) 22
              46:    7(float) Load 45
              47:       8(s1) CompositeConstruct 44 46
              48:     18(ptr) AccessChain 41(w) 26
              49:    7(float) Load 48
              50:      6(int) ConvertFToS 49
              51:     18(ptr) AccessChain 41(w) 10
              52:    7(float) Load 51
              53:       8(s1) CompositeConstruct 50 52
              54:          11 CompositeConstruct 40 47 53
                              Store 37(b) 54
              64:     63(ptr) AccessChain 59(uName1) 60
              65:      56(s2) Load 64
              72:     71(ptr) AccessChain 70(uName2) 60
              73:      67(s2) Load 72
              75:      6(int) CompositeExtract 65 0
              76:      6(int) CompositeExtract 73 0
              77:    74(bool) IEqual 75 76
              78:    7(float) CompositeExtract 65 1
              79:    7(float) CompositeExtract 73 1
              80:    74(bool) FOrdEqual 78 79
              81:    74(bool) LogicalAnd 77 80
              82:      55(s1) CompositeExtract 65 2
              83:      66(s1) CompositeExtract 73 2
              84:      6(int) CompositeExtract 82 0
              85:      6(int) CompositeExtract 83 0
              86:    74(bool) IEqual 84 85
              87:    7(float) CompositeExtract 82 1
              88:    7(float) CompositeExtract 83 1
              89:    74(bool) FOrdEqual 87 88
              90:    74(bool) LogicalAnd 86 89
              91:    74(bool) LogicalAnd 81 90
                              SelectionMerge 93 None
                              BranchConditional 91 92 106
              92:               Label
             100:          97   Load 99(samp2D)
             104:  101(fvec2)   Load 103(coord)
             105:   14(fvec4)   ImageSampleImplicitLod 100 104
                                Store 95(v) 105
                                Branch 93
             106:               Label
             107:          97   Load 99(samp2D)
             109:  101(fvec2)   Load 103(coord)
             110:  101(fvec2)   VectorTimesScalar 109 108
             111:   14(fvec4)   ImageSampleImplicitLod 107 110
                                Store 95(v) 111
                                Branch 93
              93:             Label
             112:   14(fvec4) Load 16(u)
             113:   14(fvec4) Load 95(v)
             115:  114(bvec4) FOrdEqual 112 113
             116:    74(bool) All 115
                              SelectionMerge 118 None
                              BranchConditional 116 117 118
             117:               Label
             120:   14(fvec4)   Load 95(v)
             121:   14(fvec4)   VectorTimesScalar 120 119
                                Store 95(v) 121
                                Branch 118
             118:             Label
             122:   14(fvec4) Load 16(u)
             123:   14(fvec4) Load 95(v)
             124:  114(bvec4) FOrdNotEqual 122 123
             125:    74(bool) Any 124
                              SelectionMerge 127 None
                              BranchConditional 125 126 127
             126:               Label
             129:   14(fvec4)   Load 95(v)
             130:   14(fvec4)   VectorTimesScalar 129 128
                                Store 95(v) 130
                                Branch 127
             127:             Label
             131:  101(fvec2) Load 103(coord)
             132:   14(fvec4) Load 95(v)
             133:  101(fvec2) VectorShuffle 132 132 1 3
             135:  134(bvec2) FOrdEqual 131 133
             136:    74(bool) All 135
                              SelectionMerge 138 None
                              BranchConditional 136 137 138
             137:               Label
             140:   14(fvec4)   Load 95(v)
             141:   14(fvec4)   VectorTimesScalar 140 139
                                Store 95(v) 141
                                Branch 138
             138:             Label
             142:          11 Load 13(a)
             143:          11 Load 37(b)
             144:       8(s1) CompositeExtract 142 0
             145:       8(s1) CompositeExtract 143 0
             146:      6(int) CompositeExtract 144 0
             147:      6(int) CompositeExtract 145 0
             148:    74(bool) IEqual 146 147
             149:    7(float) CompositeExtract 144 1
             150:    7(float) CompositeExtract 145 1
             151:    74(bool) FOrdEqual 149 150
             152:    74(bool) LogicalAnd 148 151
             153:       8(s1) CompositeExtract 142 1
             154:       8(s1) CompositeExtract 143 1
             155:      6(int) CompositeExtract 153 0
             156:      6(int) CompositeExtract 154 0
             157:    74(bool) IEqual 155 156
             158:    7(float) CompositeExtract 153 1
             159:    7(float) CompositeExtract 154 1
             160:    74(bool) FOrdEqual 158 159
             161:    74(bool) LogicalAnd 157 160
             162:    74(bool) LogicalAnd 152 161
             163:       8(s1) CompositeExtract 142 2
             164:       8(s1) CompositeExtract 143 2
             165:      6(int) CompositeExtract 163 0
             166:      6(int) CompositeExtract 164 0
             167:    74(bool) IEqual 165 166
             168:    7(float) CompositeExtract 163 1
             169:    7(float) CompositeExtract 164 1
             170:    74(bool) FOrdEqual 168 169
             171:    74(bool) LogicalAnd 167 170
             172:    74(bool) LogicalAnd 162 171
             173:       8(s1) CompositeExtract 142 3
             174:       8(s1) CompositeExtract 143 3
             175:      6(int) CompositeExtract 173 0
             176:      6(int) CompositeExtract 174 0
             177:    74(bool) IEqual 175 176
             178:    7(float) CompositeExtract 173 1
             179:    7(float) CompositeExtract 174 1
             180:    74(bool) FOrdEqual 178 179
             181:    74(bool) LogicalAnd 177 180
             182:    74(bool) LogicalAnd 172 181
             183:       8(s1) CompositeExtract 142 4
             184:       8(s1) CompositeExtract 143 4
             185:      6(int) CompositeExtract 183 0
             186:      6(int) CompositeExtract 184 0
             187:    74(bool) IEqual 185 186
             188:    7(float) CompositeExtract 183 1
             189:    7(float) CompositeExtract 184 1
             190:    74(bool) FOrdEqual 188 189
             191:    74(bool) LogicalAnd 187 190
             192:    74(bool) LogicalAnd 182 191
             193:       8(s1) CompositeExtract 142 5
             194:       8(s1) CompositeExtract 143 5
             195:      6(int) CompositeExtract 193 0
             196:      6(int) CompositeExtract 194 0
             197:    74(bool) IEqual 195 196
             198:    7(float) CompositeExtract 193 1
             199:    7(float) CompositeExtract 194 1
             200:    74(bool) FOrdEqual 198 199
             201:    74(bool) LogicalAnd 197 200
             202:    74(bool) LogicalAnd 192 201
             203:       8(s1) CompositeExtract 142 6
             204:       8(s1) CompositeExtract 143 6
             205:      6(int) CompositeExtract 203 0
             206:      6(int) CompositeExtract 204 0
             207:    74(bool) IEqual 205 206
             208:    7(float) CompositeExtract 203 1
             209:    7(float) CompositeExtract 204 1
             210:    74(bool) FOrdEqual 208 209
             211:    74(bool) LogicalAnd 207 210
             212:    74(bool) LogicalAnd 202 211
             213:       8(s1) CompositeExtract 142 7
             214:       8(s1) CompositeExtract 143 7
             215:      6(int) CompositeExtract 213 0
             216:      6(int) CompositeExtract 214 0
             217:    74(bool) IEqual 215 216
             218:    7(float) CompositeExtract 213 1
             219:    7(float) CompositeExtract 214 1
             220:    74(bool) FOrdEqual 218 219
             221:    74(bool) LogicalAnd 217 220
             222:    74(bool) LogicalAnd 212 221
             223:       8(s1) CompositeExtract 142 8
             224:       8(s1) CompositeExtract 143 8
             225:      6(int) CompositeExtract 223 0
             226:      6(int) CompositeExtract 224 0
             227:    74(bool) IEqual 225 226
             228:    7(float) CompositeExtract 223 1
             229:    7(float) CompositeExtract 224 1
             230:    74(bool) FOrdEqual 228 229
             231:    74(bool) LogicalAnd 227 230
             232:    74(bool) LogicalAnd 222 231
             233:       8(s1) CompositeExtract 142 9
             234:       8(s1) CompositeExtract 143 9
             235:      6(int) CompositeExtract 233 0
             236:      6(int) CompositeExtract 234 0
             237:    74(bool) IEqual 235 236
             238:    7(float) CompositeExtract 233 1
             239:    7(float) CompositeExtract 234 1
             240:    74(bool) FOrdEqual 238 239
             241:    74(bool) LogicalAnd 237 240
             242:    74(bool) LogicalAnd 232 241
                              SelectionMerge 244 None
                              BranchConditional 242 243 244
             243:               Label
             246:   14(fvec4)   Load 95(v)
             247:   14(fvec4)   VectorTimesScalar 246 245
                                Store 95(v) 247
                                Branch 244
             244:             Label
             248:          11 Load 13(a)
             249:          11 Load 37(b)
             250:       8(s1) CompositeExtract 248 0
             251:       8(s1) CompositeExtract 249 0
             252:      6(int) CompositeExtract 250 0
             253:      6(int) CompositeExtract 251 0
             254:    74(bool) INotEqual 252 253
             255:    7(float) CompositeExtract 250 1
             256:    7(float) CompositeExtract 251 1
             257:    74(bool) FOrdNotEqual 255 256
             258:    74(bool) LogicalOr 254 257
             259:       8(s1) CompositeExtract 248 1
             260:       8(s1) CompositeExtract 249 1
             261:      6(int) CompositeExtract 259 0
             262:      6(int) CompositeExtract 260 0
             263:    74(bool) INotEqual 261 262
             264:    7(float) CompositeExtract 259 1
             265:    7(float) CompositeExtract 260 1
             266:    74(bool) FOrdNotEqual 264 265
             267:    74(bool) LogicalOr 263 266
             268:    74(bool) LogicalOr 258 267
             269:       8(s1) CompositeExtract 248 2
             270:       8(s1) CompositeExtract 249 2
             271:      6(int) CompositeExtract 269 0
             272:      6(int) CompositeExtract 270 0
             273:    74(bool) INotEqual 271 272
             274:    7(float) CompositeExtract 269 1
             275:    7(float) CompositeExtract 270 1
             276:    74(bool) FOrdNotEqual 274 275
             277:    74(bool) LogicalOr 273 276
             278:    74(bool) LogicalOr 268 277
             279:       8(s1) CompositeExtract 248 3
             280:       8(s1) CompositeExtract 249 3
             281:      6(int) CompositeExtract 279 0
             282:      6(int) CompositeExtract 280 0
             283:    74(bool) INotEqual 281 282
             284:    7(float) CompositeExtract 279 1
             285:    7(float) CompositeExtract 280 1
             286:    74(bool) FOrdNotEqual 284 285
             287:    74(bool) LogicalOr 283 286
             288:    74(bool) LogicalOr 278 287
             289:       8(s1) CompositeExtract 248 4
             290:       8(s1) CompositeExtract 249 4
             291:      6(int) CompositeExtract 289 0
             292:      6(int) CompositeExtract 290 0
             293:    74(bool) INotEqual 291 292
             294:    7(float) CompositeExtract 289 1
             295:    7(float) CompositeExtract 290 1
             296:    74(bool) FOrdNotEqual 294 295
             297:    74(bool) LogicalOr 293 296
             298:    74(bool) LogicalOr 288 297
             299:       8(s1) CompositeExtract 248 5
             300:       8(s1) CompositeExtract 249 5
             301:      6(int) CompositeExtract 299 0
             302:      6(int) CompositeExtract 300 0
             303:    74(bool) INotEqual 301 302
             304:    7(float) CompositeExtract 299 1
             305:    7(float) CompositeExtract 300 1
             306:    74(bool) FOrdNotEqual 304 305
             307:    74(bool) LogicalOr 303 306
             308:    74(bool) LogicalOr 298 307
             309:       8(s1) CompositeExtract 248 6
             310:       8(s1) CompositeExtract 249 6
             311:      6(int) CompositeExtract 309 0
             312:      6(int) CompositeExtract 310 0
             313:    74(bool) INotEqual 311 312
             314:    7(float) CompositeExtract 309 1
             315:    7(float) CompositeExtract 310 1
             316:    74(bool) FOrdNotEqual 314 315
             317:    74(bool) LogicalOr 313 316
             318:    74(bool) LogicalOr 308 317
             319:       8(s1) CompositeExtract 248 7
             320:       8(s1) CompositeExtract 249 7
             321:      6(int) CompositeExtract 319 0
             322:      6(int) CompositeExtract 320 0
             323:    74(bool) INotEqual 321 322
             324:    7(float) CompositeExtract 319 1
             325:    7(float) CompositeExtract 320 1
             326:    74(bool) FOrdNotEqual 324 325
             327:    74(bool) LogicalOr 323 326
             328:    74(bool) LogicalOr 318 327
             329:       8(s1) CompositeExtract 248 8
             330:       8(s1) CompositeExtract 249 8
             331:      6(int) CompositeExtract 329 0
             332:      6(int) CompositeExtract 330 0
             333:    74(bool) INotEqual 331 332
             334:    7(float) CompositeExtract 329 1
             335:    7(float) CompositeExtract 330 1
             336:    74(bool) FOrdNotEqual 334 335
             337:    74(bool) LogicalOr 333 336
             338:    74(bool) LogicalOr 328 337
             339:       8(s1) CompositeExtract 248 9
             340:       8(s1) CompositeExtract 249 9
             341:      6(int) CompositeExtract 339 0
             342:      6(int) CompositeExtract 340 0
             343:    74(bool) INotEqual 341 342
             344:    7(float) CompositeExtract 339 1
             345:    7(float) CompositeExtract 340 1
             346:    74(bool) FOrdNotEqual 344 345
             347:    74(bool) LogicalOr 343 346
             348:    74(bool) LogicalOr 338 347
                              SelectionMerge 350 None
                              BranchConditional 348 349 350
             349:               Label
             352:   14(fvec4)   Load 95(v)
             353:   14(fvec4)   VectorTimesScalar 352 351
                                Store 95(v) 353
                                Branch 350
             350:             Label
             356:   14(fvec4) Load 95(v)
                              Store 355(color) 356
                              Return
                              FunctionEnd
